[WebServer]     Finished `dev` profile [unoptimized + debuginfo] target(s) in 0.27s

[WebServer]      Running `target-authrace/debug/examples/hub_e2e`

[WebServer] HUB_E2E_READY {"hub":"http://127.0.0.1:58880","token":"e2e-bootstrap-token","hostId":"hst_01a10e47-fdf1-77f2-8742-d6bbb209a5ed","upstream":"http://127.0.0.1:58881","viaHost":null}

[WebServer] 
[WebServer]   VITE v8.3.0  ready in 193 ms
[WebServer] 

[WebServer]   ➜  Local:   http://127.0.0.1:58889/


Running 3 tests using 1 worker

[1/3] [chromium] › tests/e2e/offline-outbox.hub.spec.ts:275:1 › offline sends are queued and delivered exactly once after reconnect
[WebServer] 
[WebServer] A PostCSS plugin did not pass the `from` option to `postcss.parse`. This may cause imported assets to be incorrectly transformed. If you've recently added a PostCSS plugin that raised this warning, please contact the package author to fix the issue.

[WebServer] 2026-10-05T22:56:05.823190Z  WARN remuda_hub::http: node did not durably accept command; will not resend command_id=cmd_01a10e48-0e51-723f-a140-d8a11a578edf response={"jsonrpc":"2.0","id":"508147d6-5ebc-476e-8e9c-5fc298afdfd8","result":{"ok":true,"instanceId":"ins_01a10e48-0e50-7153-adef-425c1e5b5300"}}

[WebServer] 2026-10-05T22:56:10.710654Z  WARN remuda_hub::http: node did not durably accept command; will not resend command_id=cmd_01a10e48-1f3b-7db2-99fb-5351072e2ec0 response={"jsonrpc":"2.0","id":"700fc128-ac63-483a-ac17-12b8511f3383","result":{"ok":true}}

[WebServer] 2026-10-05T22:56:11.147365Z  WARN remuda_hub::http: node did not durably accept command; will not resend command_id=cmd_01a10e48-1fad-701d-941f-e8cc790d8261 response={"jsonrpc":"2.0","id":"475b5acd-92b2-40e6-bd28-597b37bf1ebb","result":{"ok":true}}

[WebServer] 2026-10-05T22:56:14.574348Z  WARN remuda_hub::http: node did not durably accept command; will not resend command_id=cmd_01a10e48-30eb-70e4-a7c4-414b5eae2f4d response={"jsonrpc":"2.0","id":"e90676ab-e8b8-481b-9fbd-ebb77920c108","result":{"ok":true}}

[WebServer] 2026-10-05T22:56:14.580899Z  INFO remuda_hub::http: instance deleted instance_id=ins_01a10e48-0e50-7153-adef-425c1e5b5300 device_id=dev_01a10e48-2d29-7688-a6b7-e0b06bed310e forced=true

[2/3] [chromium] › tests/e2e/offline-outbox.hub.spec.ts:323:1 › an offline-queued message survives a reload while the Hub is still off and sends once after
[WebServer] 2026-10-05T22:56:18.164596Z  WARN remuda_hub::http: node did not durably accept command; will not resend command_id=cmd_01a10e48-3e50-7607-8279-e1039259e3cd response={"jsonrpc":"2.0","id":"d00bcf96-f4de-480e-9a82-7c4855b081ed","result":{"ok":true,"instanceId":"ins_01a10e48-3e4e-71e6-99b8-9d70d7301d82"}}

[WebServer] 6:56:22 AM [vite] (client) [Unhandled rejection] RestNetworkError: Failed to fetch
[WebServer]  > rest src/lib/api.ts:794:10
[WebServer]     792 |        throw new RestNetworkError(external?.aborted ? "request aborted" : `REST timeout after ${timeoutMs} ms`);
[WebServer]     793 |      }
[WebServer]     794 |      throw new RestNetworkError(err instanceof Error ? err.message : String(err));
[WebServer]         |            ^
[WebServer]     795 |    }
[WebServer]     796 |    if (!res.ok) {
[WebServer]  > Object.eventsRead src/lib/api.ts:1748:19
[WebServer]  > HubStore.follow src/lib/store.ts:2360:17
[WebServer] 

[WebServer] 6:56:22 AM [vite] (client) [Unhandled rejection] RestNetworkError: Failed to fetch
[WebServer]  > rest src/lib/api.ts:794:10
[WebServer]     792 |        throw new RestNetworkError(external?.aborted ? "request aborted" : `REST timeout after ${timeoutMs} ms`);
[WebServer]     793 |      }
[WebServer]     794 |      throw new RestNetworkError(err instanceof Error ? err.message : String(err));
[WebServer]         |            ^
[WebServer]     795 |    }
[WebServer]     796 |    if (!res.ok) {
[WebServer]  > Object.eventsRead src/lib/api.ts:1748:19
[WebServer]  > HubStore.follow src/lib/store.ts:2360:17
[WebServer] 

[WebServer] 2026-10-05T22:56:52.341225Z  WARN remuda_hub::http: node did not durably accept command; will not resend command_id=cmd_01a10e48-4b1c-796c-83f8-7604046e56c4 response={"jsonrpc":"2.0","id":"917e61ab-2321-44c5-a45b-372cf22edca4","result":{"ok":true}}

[WebServer] 2026-10-05T22:56:53.453683Z  WARN remuda_hub::http: node did not durably accept command; will not resend command_id=cmd_01a10e48-c8ca-73be-be5d-9aedbfbb98a2 response={"jsonrpc":"2.0","id":"f063bfe0-17d9-43bd-8e23-dbe031d72c4e","result":{"ok":true}}

[WebServer] 2026-10-05T22:56:53.460102Z  INFO remuda_hub::http: instance deleted instance_id=ins_01a10e48-3e4e-71e6-99b8-9d70d7301d82 device_id=dev_01a10e48-c53d-7714-a22a-3ae739530566 forced=true

  1) [chromium] › tests/e2e/offline-outbox.hub.spec.ts:323:1 › an offline-queued message survives a reload while the Hub is still off and sends once after 

    Error: expect(received).toBe(expected) // Object.is equality

    Expected: 1
    Received: 0

    Call Log:
    - Timeout 30000ms exceeded while waiting on the predicate

      363 |   await expect
      364 |     .poll(() => hubJournalMessageCount(api, instanceId, commandId!), { timeout: 30_000 })
    > 365 |     .toBe(1);
          |      ^
      366 |   await expect
      367 |     .poll(
      368 |       async () =>
        at /home/wangruming.nana/Projects/remuda-agents/wt/c-authrace/web/tests/e2e/offline-outbox.hub.spec.ts:365:6

    Error Context: test-results/offline-outbox.hub-an-offl-35ef9-ll-off-and-sends-once-after-chromium/error-context.md

    Error Context: test-results/offline-outbox.hub-an-offl-35ef9-ll-off-and-sends-once-after-chromium/error-context.md


[3/3] [chromium] › tests/e2e/offline-outbox.hub.spec.ts:378:1 › a committed POST whose browser response is lost retries with replayed:true and runs once
  1 failed
    [chromium] › tests/e2e/offline-outbox.hub.spec.ts:323:1 › an offline-queued message survives a reload while the Hub is still off and sends once after 
  1 did not run
  1 passed (52.9s)
