[WebServer]    Compiling remuda-hub v0.1.0 (/home/wangruming.nana/Projects/remuda-agents/wt/c-authrace/crates/remuda-hub)

[WebServer]     Finished `dev` profile [unoptimized + debuginfo] target(s) in 5.32s

[WebServer]      Running `target-authrace/debug/examples/hub_e2e`

[WebServer] HUB_E2E_READY {"hub":"http://127.0.0.1:58880","token":"e2e-bootstrap-token","hostId":"hst_01a10e1e-b49d-77e7-8739-9f1acdafc879","upstream":"http://127.0.0.1:58881","viaHost":null}

[WebServer] 
[WebServer]   VITE v8.3.0  ready in 285 ms
[WebServer] 

[WebServer]   ➜  Local:   http://127.0.0.1:58889/


Running 1 test using 1 worker

[1/1] [chromium] › tests/e2e/pwa-realbuild.hub.spec.ts:130:1 › an offline first visit through the router loads a never-opened real route from the precache
[chromium] › tests/e2e/pwa-realbuild.hub.spec.ts:130:1 › an offline first visit through the router loads a never-opened real route from the precache
[pwa-realbuild] vite build finished in 1425 ms

  1) [chromium] › tests/e2e/pwa-realbuild.hub.spec.ts:130:1 › an offline first visit through the router loads a never-opened real route from the precache 

    TypeError: Cannot read properties of undefined (reading 'controller')

      199 |     await expect
      200 |       .poll(
    > 201 |         async () => Boolean(navigator.serviceWorker.controller),
          |                                                     ^
      202 |         { timeout: 30_000 },
      203 |       )
      204 |       .toBe(true);
        at expect.poll.timeout (/home/wangruming.nana/Projects/remuda-agents/wt/c-authrace/web/tests/e2e/pwa-realbuild.hub.spec.ts:201:53)
        at /home/wangruming.nana/Projects/remuda-agents/wt/c-authrace/web/tests/e2e/pwa-realbuild.hub.spec.ts:199:5

    Error Context: test-results/pwa-realbuild.hub-an-offli-d0f2d-eal-route-from-the-precache-chromium/error-context.md

    Error Context: test-results/pwa-realbuild.hub-an-offli-d0f2d-eal-route-from-the-precache-chromium/error-context.md


  1 failed
    [chromium] › tests/e2e/pwa-realbuild.hub.spec.ts:130:1 › an offline first visit through the router loads a never-opened real route from the precache 
