    Blocking waiting for file lock on package cache
    Blocking waiting for file lock on package cache
   Compiling remuda-node v0.1.0 (/home/wangruming.nana/Projects/remuda-agents/wt/c-authrace/crates/remuda-node)
error[E0308]: mismatched types
   --> crates/remuda-node/tests/usage_native_rollup.rs:120:32
    |
120 |     native.relay_binary = Some(remuda_relay_bin(&root));
    |                           ---- ^^^^^^^^^^^^^^^^^^^^^^^ expected `Box<PathBuf>`, found `PathBuf`
    |                           |
    |                           arguments to this enum variant are incorrect
    |
    = note: expected struct `Box<PathBuf>`
               found struct `PathBuf`
    = note: for more on the distinction between the stack and the heap, read https://doc.rust-lang.org/book/ch15-01-box.html, https://doc.rust-lang.org/rust-by-example/std/box.html, and https://doc.rust-lang.org/std/boxed/index.html
help: the type constructed contains `PathBuf` due to the type of the argument passed
   --> crates/remuda-node/tests/usage_native_rollup.rs:120:27
    |
120 |     native.relay_binary = Some(remuda_relay_bin(&root));
    |                           ^^^^^-----------------------^
    |                                |
    |                                this argument influences the type of `Some`
note: tuple variant defined here
   --> /rustc/e408947bfd200af42db322daf0fadfe7e26d3bd1/library/core/src/option.rs:608:4
help: store this in the heap by calling `Box::new`
    |
120 |     native.relay_binary = Some(Box::new(remuda_relay_bin(&root)));
    |                                +++++++++                       +

For more information about this error, try `rustc --explain E0308`.
error: could not compile `remuda-node` (test "usage_native_rollup") due to 1 previous error
