    Checking remuda-driver v0.1.0 (/home/wangruming.nana/Projects/remuda-agents/wt/c-authrace/crates/remuda-driver)
    Checking remuda-testing v0.1.0 (/home/wangruming.nana/Projects/remuda-agents/wt/c-authrace/crates/remuda-testing)
    Checking remuda-hub v0.1.0 (/home/wangruming.nana/Projects/remuda-agents/wt/c-authrace/crates/remuda-hub)
error: casting to the same type is unnecessary (`i64` -> `i64`)
   --> crates/remuda-hub/src/usage_store.rs:265:22
    |
265 |             .map(|n| n as i64)
    |                      ^^^^^^^^ help: try: `n`
    |
    = help: for further information visit https://rust-lang.github.io/rust-clippy/rust-1.94.0/index.html#unnecessary_cast
    = note: `-D clippy::unnecessary-cast` implied by `-D warnings`
    = help: to override `-D warnings` add `#[allow(clippy::unnecessary_cast)]`

error: could not compile `remuda-hub` (lib) due to 1 previous error
warning: build failed, waiting for other jobs to finish...
error: returning the result of a `let` binding from a block
   --> crates/remuda-hub/src/usage_store.rs:731:13
    |
726 | /             let rows = stmt
727 | |                 .query_map([], |row| row.get::<_, String>(1))
728 | |                 .unwrap()
729 | |                 .map(Result::unwrap)
730 | |                 .collect();
    | |___________________________- unnecessary `let` binding
731 |               rows
    |               ^^^^
    |
    = help: for further information visit https://rust-lang.github.io/rust-clippy/rust-1.94.0/index.html#let_and_return
    = note: `-D clippy::let-and-return` implied by `-D warnings`
    = help: to override `-D warnings` add `#[allow(clippy::let_and_return)]`
help: return the expression directly
    |
726 ~             
727 ~             stmt
728 +                 .query_map([], |row| row.get::<_, String>(1))
729 +                 .unwrap()
730 +                 .map(Result::unwrap)
731 +                 .collect()
    |

error: could not compile `remuda-hub` (lib test) due to 2 previous errors
