   Compiling remuda-driver v0.1.0 (/home/wangruming.nana/Projects/remuda-agents/wt/c-authrace/crates/remuda-driver)
warning: cannot test inner items
   --> crates/remuda-driver/tests/usage_transcript.rs:139:1
    |
139 | #[test]
    | ^^^^^^^
    |
    = note: `#[warn(unnameable_test_items)]` on by default

error[E0308]: mismatched types
   --> crates/remuda-driver/tests/usage_transcript.rs:129:5
    |
129 | /     match value {
130 | |         remuda_protocol::Knowledge::Known { value } => Some(value.0),
131 | |         _ => None,
132 | |     }
    | |     ^- help: consider using a semicolon here
    | |_____|
    |       expected `()`, found `Option<u64>`
    |
    = note: expected unit type `()`
                    found enum `Option<u64>`

error[E0308]: mismatched types
   --> crates/remuda-driver/tests/usage_transcript.rs:128:58
    |
128 | fn known_opt(value: &remuda_protocol::Knowledge<U64>) -> Option<u64> {
    |    ---------                                             ^^^^^^^^^^^ expected `Option<u64>`, found `()`
    |    |
    |    implicitly returns `()` as its body has no tail or `return` expression
    |
    = note:   expected enum `Option<u64>`
            found unit type `()`

For more information about this error, try `rustc --explain E0308`.
warning: `remuda-driver` (test "usage_transcript") generated 1 warning
error: could not compile `remuda-driver` (test "usage_transcript") due to 2 previous errors; 1 warning emitted
