   Compiling remuda-driver v0.1.0 (/home/wangruming.nana/Projects/remuda-agents/wt/c-authrace/crates/remuda-driver)
warning: unused import: `ResumeBoundary`
  --> crates/remuda-driver/src/shell_pty/promotion.rs:30:5
   |
30 |     ResumeBoundary, ResumeMode, SessionStartReport, TailProvenance, TranscriptBinding,
   |     ^^^^^^^^^^^^^^
   |
   = note: `#[warn(unused_imports)]` (part of `#[warn(unused)]`) on by default

error[E0277]: can't compare `&std::string::String` with `str`
    --> crates/remuda-driver/src/shell_pty.rs:1084:34
     |
1084 |             .find(|(key, _)| key == "CLAUDE_CONFIG_DIR")
     |                                  ^^ no implementation for `&std::string::String == str`
     |
     = help: the trait `PartialEq<str>` is not implemented for `&std::string::String`
     = note: required for `&&std::string::String` to implement `PartialEq<&str>`
help: consider dereferencing here
     |
1084 |             .find(|(key, _)| *key == "CLAUDE_CONFIG_DIR")
     |                              +

error[E0609]: no field `native_home` on type `ShellPtyOptions`
    --> crates/remuda-driver/src/shell_pty.rs:1093:45
     |
1093 |             .unwrap_or_else(|| self.options.native_home.clone());
     |                                             ^^^^^^^^^^^ unknown field
     |
     = note: available fields are: `cwd`, `shell`, `args`, `extra_env`, `agent_mcp` ... and 12 others

Some errors have detailed explanations: E0277, E0609.
For more information about an error, try `rustc --explain E0277`.
warning: `remuda-driver` (lib) generated 1 warning
error: could not compile `remuda-driver` (lib) due to 2 previous errors; 1 warning emitted
