   Compiling remuda-testing v0.1.0 (/home/wangruming.nana/Projects/remuda-agents/wt/c-authrace/crates/remuda-testing)
   Compiling remuda-hub v0.1.0 (/home/wangruming.nana/Projects/remuda-agents/wt/c-authrace/crates/remuda-hub)
    Finished `dev` profile [unoptimized + debuginfo] target(s) in 7.86s
     Running `/home/wangruming.nana/Projects/remuda-agents/target-c-authrace/debug/examples/hub_e2e`
HUB_E2E_READY {"hub":"http://127.0.0.1:58880","token":"e2e-bootstrap-token","hostId":"hst_01a0e660-70c3-7636-a18b-09e099787cd0","upstream":"http://127.0.0.1:18788","viaHost":null}
[2m2026-09-28T04:58:01.819343Z[0m [33m WARN[0m [2mremuda_hub::http[0m[2m:[0m node did not durably accept command; will not resend [3mcommand_id[0m[2m=[0mcmd_01a0e660-8a70-775b-a5c2-476af1b443ce [3mresponse[0m[2m=[0m{"jsonrpc":"2.0","id":"135acc21-fc68-4bf0-aada-108e3caafeb2","result":{"ok":true,"instanceId":"ins_01a0e660-8a6f-769b-8717-9f8fbb20dfc3"}}
[2m2026-09-28T04:58:03.389142Z[0m [33m WARN[0m [2mremuda_hub::http[0m[2m:[0m node did not durably accept command; will not resend [3mcommand_id[0m[2m=[0mcmd_01a0e660-90fa-7433-86e4-5342bbf1832f [3mresponse[0m[2m=[0m{"jsonrpc":"2.0","id":"8577837e-c48f-4d28-9aa5-c884cf8b7c4e","result":{"ok":true}}
[2m2026-09-28T04:58:03.395089Z[0m [32m INFO[0m [2mremuda_hub::http[0m[2m:[0m instance deleted [3minstance_id[0m[2m=[0mins_01a0e660-8a6f-769b-8717-9f8fbb20dfc3 [3mdevice_id[0m[2m=[0mdev_01a0e660-8269-7349-8ce0-69cbab0aa919 [3mforced[0m[2m=[0mtrue
[2m2026-09-28T04:58:06.452869Z[0m [33m WARN[0m [2mremuda_hub::http[0m[2m:[0m node did not durably accept command; will not resend [3mcommand_id[0m[2m=[0mcmd_01a0e660-9c85-7189-9f9a-82e8bb9f0203 [3mresponse[0m[2m=[0m{"jsonrpc":"2.0","id":"fd4f084b-6160-44a5-b10d-a92036cd818e","result":{"ok":true,"instanceId":"ins_01a0e660-9c84-71d7-89c3-6da765ad2613"}}
[2m2026-09-28T04:58:07.938915Z[0m [33m WARN[0m [2mremuda_hub::http[0m[2m:[0m node did not durably accept command; will not resend [3mcommand_id[0m[2m=[0mcmd_01a0e660-a2c0-76c8-a6e2-e5628817c3fe [3mresponse[0m[2m=[0m{"jsonrpc":"2.0","id":"6a27e68e-b075-4ccd-9ee7-893545bf1635","result":{"ok":true}}
[2m2026-09-28T04:58:07.946036Z[0m [32m INFO[0m [2mremuda_hub::http[0m[2m:[0m instance deleted [3minstance_id[0m[2m=[0mins_01a0e660-9c84-71d7-89c3-6da765ad2613 [3mdevice_id[0m[2m=[0mdev_01a0e660-9440-73d6-a2c2-07d14b8b2216 [3mforced[0m[2m=[0mtrue
[2m2026-09-28T04:58:10.929735Z[0m [33m WARN[0m [2mremuda_hub::http[0m[2m:[0m node did not durably accept command; will not resend [3mcommand_id[0m[2m=[0mcmd_01a0e660-adff-7234-b172-49f2a7b17ab8 [3mresponse[0m[2m=[0m{"jsonrpc":"2.0","id":"9ebaf421-c05b-4507-8464-7fbdb5c7253c","result":{"ok":true,"instanceId":"ins_01a0e660-adfe-75ef-a573-501debeb5e2d"}}
[2m2026-09-28T04:58:12.737155Z[0m [33m WARN[0m [2mremuda_hub::http[0m[2m:[0m node did not durably accept command; will not resend [3mcommand_id[0m[2m=[0mcmd_01a0e660-b513-72f9-902e-d0143768f017 [3mresponse[0m[2m=[0m{"jsonrpc":"2.0","id":"b081d0a4-dffe-4857-8074-aab1258c9abb","result":{"ok":true,"instanceId":"ins_01a0e660-b512-70c3-8fe9-4d7fc52974c1"}}
[2m2026-09-28T04:58:14.543813Z[0m [33m WARN[0m [2mremuda_hub::http[0m[2m:[0m node did not durably accept command; will not resend [3mcommand_id[0m[2m=[0mcmd_01a0e660-bc21-73aa-bd66-cc87b113195e [3mresponse[0m[2m=[0m{"jsonrpc":"2.0","id":"acf98de7-518a-4ef3-835c-399ca3d3dc7e","result":{"ok":true,"instanceId":"ins_01a0e660-bc20-77c6-9ce4-a2bb2461d35f"}}
[2m2026-09-28T04:58:16.415745Z[0m [33m WARN[0m [2mremuda_hub::http[0m[2m:[0m node did not durably accept command; will not resend [3mcommand_id[0m[2m=[0mcmd_01a0e660-c375-730e-813d-29845c9941fe [3mresponse[0m[2m=[0m{"jsonrpc":"2.0","id":"9f090526-de96-495c-bd65-8987d7830bae","result":{"ok":true,"instanceId":"ins_01a0e660-c373-70fc-be5a-47ed31ba087c"}}
[2m2026-09-28T04:58:18.001178Z[0m [33m WARN[0m [2mremuda_hub::http[0m[2m:[0m node did not durably accept command; will not resend [3mcommand_id[0m[2m=[0mcmd_01a0e660-ca0e-7718-af86-aa5e7e542335 [3mresponse[0m[2m=[0m{"jsonrpc":"2.0","id":"a0f66923-f5b5-428f-ab78-af237f7063a2","result":{"ok":true}}
[2m2026-09-28T04:58:18.007817Z[0m [32m INFO[0m [2mremuda_hub::http[0m[2m:[0m instance deleted [3minstance_id[0m[2m=[0mins_01a0e660-adfe-75ef-a573-501debeb5e2d [3mdevice_id[0m[2m=[0mdev_01a0e660-a5f1-7653-868e-bcbb5cda58df [3mforced[0m[2m=[0mtrue
[2m2026-09-28T04:58:18.213995Z[0m [33m WARN[0m [2mremuda_hub::http[0m[2m:[0m node did not durably accept command; will not resend [3mcommand_id[0m[2m=[0mcmd_01a0e660-cae3-77fb-9b73-8160a435a0e9 [3mresponse[0m[2m=[0m{"jsonrpc":"2.0","id":"3d1918f1-7a05-45eb-949a-d4fa5af5fd4d","result":{"ok":true}}
[2m2026-09-28T04:58:18.220254Z[0m [32m INFO[0m [2mremuda_hub::http[0m[2m:[0m instance deleted [3minstance_id[0m[2m=[0mins_01a0e660-b512-70c3-8fe9-4d7fc52974c1 [3mdevice_id[0m[2m=[0mdev_01a0e660-a5f1-7653-868e-bcbb5cda58df [3mforced[0m[2m=[0mtrue
[2m2026-09-28T04:58:18.424456Z[0m [33m WARN[0m [2mremuda_hub::http[0m[2m:[0m node did not durably accept command; will not resend [3mcommand_id[0m[2m=[0mcmd_01a0e660-cbb5-72ea-847d-02c87e1bee46 [3mresponse[0m[2m=[0m{"jsonrpc":"2.0","id":"49bad3fa-8154-4973-a803-8608dcbd7ca6","result":{"ok":true}}
[2m2026-09-28T04:58:18.430697Z[0m [32m INFO[0m [2mremuda_hub::http[0m[2m:[0m instance deleted [3minstance_id[0m[2m=[0mins_01a0e660-bc20-77c6-9ce4-a2bb2461d35f [3mdevice_id[0m[2m=[0mdev_01a0e660-a5f1-7653-868e-bcbb5cda58df [3mforced[0m[2m=[0mtrue
[2m2026-09-28T04:58:18.632164Z[0m [33m WARN[0m [2mremuda_hub::http[0m[2m:[0m node did not durably accept command; will not resend [3mcommand_id[0m[2m=[0mcmd_01a0e660-cc84-775a-8a24-ce2da6b65d78 [3mresponse[0m[2m=[0m{"jsonrpc":"2.0","id":"eed3be2d-b2bc-4582-92ce-ab3bad61ab18","result":{"ok":true}}
[2m2026-09-28T04:58:18.637875Z[0m [32m INFO[0m [2mremuda_hub::http[0m[2m:[0m instance deleted [3minstance_id[0m[2m=[0mins_01a0e660-c373-70fc-be5a-47ed31ba087c [3mdevice_id[0m[2m=[0mdev_01a0e660-a5f1-7653-868e-bcbb5cda58df [3mforced[0m[2m=[0mtrue
[2m2026-09-28T04:58:21.850387Z[0m [33m WARN[0m [2mremuda_hub::http[0m[2m:[0m node did not durably accept command; will not resend [3mcommand_id[0m[2m=[0mcmd_01a0e660-d8ae-70b2-a88b-c9eb19c889bb [3mresponse[0m[2m=[0m{"jsonrpc":"2.0","id":"1c759bea-4b4a-4b11-b9a5-09677e5f2038","result":{"ok":true,"instanceId":"ins_01a0e660-d8ac-70b4-9ef8-b577748afb9e"}}
[2m2026-09-28T04:58:23.632463Z[0m [33m WARN[0m [2mremuda_hub::http[0m[2m:[0m node did not durably accept command; will not resend [3mcommand_id[0m[2m=[0mcmd_01a0e660-df9d-7150-a927-9b1b2cc415f7 [3mresponse[0m[2m=[0m{"jsonrpc":"2.0","id":"f045d3e8-ed80-4aea-920f-b00ed41042a4","result":{"ok":true,"instanceId":"ins_01a0e660-df9b-727f-ac66-9237ef2177d1"}}
[2m2026-09-28T04:58:25.616694Z[0m [33m WARN[0m [2mremuda_hub::http[0m[2m:[0m node did not durably accept command; will not resend [3mcommand_id[0m[2m=[0mcmd_01a0e660-e7ce-7405-91e9-78e371fb266a [3mresponse[0m[2m=[0m{"jsonrpc":"2.0","id":"9559ea8f-5f52-4daf-bbea-5312d28e8085","result":{"ok":true}}
[2m2026-09-28T04:58:25.622589Z[0m [32m INFO[0m [2mremuda_hub::http[0m[2m:[0m instance deleted [3minstance_id[0m[2m=[0mins_01a0e660-d8ac-70b4-9ef8-b577748afb9e [3mdevice_id[0m[2m=[0mdev_01a0e660-cfc0-767c-b40d-2fe021c545b0 [3mforced[0m[2m=[0mtrue
[2m2026-09-28T04:58:25.826440Z[0m [33m WARN[0m [2mremuda_hub::http[0m[2m:[0m node did not durably accept command; will not resend [3mcommand_id[0m[2m=[0mcmd_01a0e660-e89f-72a5-a654-b31ae261acc4 [3mresponse[0m[2m=[0m{"jsonrpc":"2.0","id":"1ab218a2-9e71-4a2a-bb9f-851cb0a509f9","result":{"ok":true}}
[2m2026-09-28T04:58:25.831744Z[0m [32m INFO[0m [2mremuda_hub::http[0m[2m:[0m instance deleted [3minstance_id[0m[2m=[0mins_01a0e660-df9b-727f-ac66-9237ef2177d1 [3mdevice_id[0m[2m=[0mdev_01a0e660-cfc0-767c-b40d-2fe021c545b0 [3mforced[0m[2m=[0mtrue
[2m2026-09-28T04:58:31.847915Z[0m [33m WARN[0m [2mremuda_hub::http[0m[2m:[0m node did not durably accept command; will not resend [3mcommand_id[0m[2m=[0mcmd_01a0e660-ffbf-7356-ba90-513f6b49035b [3mresponse[0m[2m=[0m{"jsonrpc":"2.0","id":"cde68687-523d-4ee8-a1fc-277a1bc1f4b4","result":{"ok":true,"instanceId":"ins_01a0e660-ffbe-7359-8897-a6f9f4fcc31c"}}
[2m2026-09-28T04:58:32.767696Z[0m [33m WARN[0m [2mremuda_hub::http[0m[2m:[0m node did not durably accept command; will not resend [3mcommand_id[0m[2m=[0mcmd_01a0e661-0356-759b-a731-d6eb427bfb2c [3mresponse[0m[2m=[0m{"jsonrpc":"2.0","id":"74fd7257-9272-4ed3-90c8-577ba2e939f5","result":{"ok":true,"instanceId":"ins_01a0e661-0355-732b-8ee2-bfce0d6e760b"}}
[2m2026-09-28T04:58:34.327415Z[0m [33m WARN[0m [2mremuda_hub::ws[0m[2m:[0m node epoch changed; instance lost [3mhost_id[0m[2m=[0mhst_01a0e660-70c3-7636-a18b-09e099787cd0 [3minstance_id[0m[2m=[0mins_01a0e660-ffbe-7359-8897-a6f9f4fcc31c
[2m2026-09-28T04:58:36.581327Z[0m [32m INFO[0m [2mremuda_hub::http[0m[2m:[0m instance deleted [3minstance_id[0m[2m=[0mins_01a0e660-ffbe-7359-8897-a6f9f4fcc31c [3mdevice_id[0m[2m=[0mdev_01a0e660-f4b9-7029-ad48-535952bab777 [3mforced[0m[2m=[0mtrue
[2m2026-09-28T04:58:36.784083Z[0m [33m WARN[0m [2mremuda_hub::http[0m[2m:[0m node did not durably accept command; will not resend [3mcommand_id[0m[2m=[0mcmd_01a0e661-136a-7199-be83-1eced98d7f76 [3mresponse[0m[2m=[0m{"jsonrpc":"2.0","id":"f53ba7c3-0569-433c-9cbb-9ff6e44921ca","result":{"ok":true}}
[2m2026-09-28T04:58:36.787347Z[0m [32m INFO[0m [2mremuda_hub::http[0m[2m:[0m instance deleted [3minstance_id[0m[2m=[0mins_01a0e661-0355-732b-8ee2-bfce0d6e760b [3mdevice_id[0m[2m=[0mdev_01a0e660-f4b9-7029-ad48-535952bab777 [3mforced[0m[2m=[0mtrue
[2m2026-09-28T04:58:41.431513Z[0m [33m WARN[0m [2mremuda_hub::http[0m[2m:[0m node did not durably accept command; will not resend [3mcommand_id[0m[2m=[0mcmd_01a0e661-252b-7020-b177-7f9b1c3ad93c [3mresponse[0m[2m=[0m{"jsonrpc":"2.0","id":"b3b69d05-e884-47b1-8945-56430cab9b9e","result":{"ok":true,"instanceId":"ins_01a0e661-252a-71f9-ba1c-a5bd1a013aa5"}}
[2m2026-09-28T04:58:44.630391Z[0m [33m WARN[0m [2mremuda_hub::http[0m[2m:[0m node did not durably accept command; will not resend [3mcommand_id[0m[2m=[0mcmd_01a0e661-2f82-7393-ba85-08d5721b5254 [3mresponse[0m[2m=[0m{"jsonrpc":"2.0","id":"06cfd252-309e-43ec-beb7-12909a5f4313","result":{"ok":true}}
[2m2026-09-28T04:58:44.979328Z[0m [33m WARN[0m [2mremuda_hub::http[0m[2m:[0m node did not durably accept command; will not resend [3mcommand_id[0m[2m=[0mcmd_01a0e661-2ff5-7b6b-869f-f2127a36476c [3mresponse[0m[2m=[0m{"jsonrpc":"2.0","id":"df1990fb-9641-4c71-b872-d8cc340e3af6","result":{"ok":true}}
[2m2026-09-28T04:58:48.653777Z[0m [33m WARN[0m [2mremuda_hub::http[0m[2m:[0m node did not durably accept command; will not resend [3mcommand_id[0m[2m=[0mcmd_01a0e661-41ca-73a4-8ca9-e78d72c5f42a [3mresponse[0m[2m=[0m{"jsonrpc":"2.0","id":"5f32214e-c5d7-4a67-9f46-0248ef119525","result":{"ok":true}}
[2m2026-09-28T04:58:48.660093Z[0m [32m INFO[0m [2mremuda_hub::http[0m[2m:[0m instance deleted [3minstance_id[0m[2m=[0mins_01a0e661-252a-71f9-ba1c-a5bd1a013aa5 [3mdevice_id[0m[2m=[0mdev_01a0e661-3e39-7270-8e20-5e1a4a3cf781 [3mforced[0m[2m=[0mtrue
[2m2026-09-28T04:58:51.515620Z[0m [33m WARN[0m [2mremuda_hub::http[0m[2m:[0m node did not durably accept command; will not resend [3mcommand_id[0m[2m=[0mcmd_01a0e661-4c8e-7196-b843-7e5ad8669228 [3mresponse[0m[2m=[0m{"jsonrpc":"2.0","id":"d8e255dd-cf35-41c3-8aae-be73cbfcf93e","result":{"ok":true,"instanceId":"ins_01a0e661-4c8d-722a-9277-d0faddc81d4a"}}
[2m2026-09-28T04:58:54.788876Z[0m [33m WARN[0m [2mremuda_hub::http[0m[2m:[0m node did not durably accept command; will not resend [3mcommand_id[0m[2m=[0mcmd_01a0e661-54e2-7f12-ac29-379cca93d4ad [3mresponse[0m[2m=[0m{"jsonrpc":"2.0","id":"c5d7a312-feaf-4522-9e85-4dafe6771680","result":{"ok":true}}
[2m2026-09-28T04:59:03.028750Z[0m [33m WARN[0m [2mremuda_hub::http[0m[2m:[0m node did not durably accept command; will not resend [3mcommand_id[0m[2m=[0mcmd_01a0e661-79f1-778b-acd7-caca43fa8500 [3mresponse[0m[2m=[0m{"jsonrpc":"2.0","id":"d310c1a2-b170-48f8-a7af-18649fbaf469","result":{"ok":true}}
[2m2026-09-28T04:59:03.035319Z[0m [32m INFO[0m [2mremuda_hub::http[0m[2m:[0m instance deleted [3minstance_id[0m[2m=[0mins_01a0e661-4c8d-722a-9277-d0faddc81d4a [3mdevice_id[0m[2m=[0mdev_01a0e661-7658-7592-8b21-3322e66350fc [3mforced[0m[2m=[0mtrue
[2m2026-09-28T04:59:06.323281Z[0m [33m WARN[0m [2mremuda_hub::http[0m[2m:[0m node did not durably accept command; will not resend [3mcommand_id[0m[2m=[0mcmd_01a0e661-865d-717f-bac4-32055f05616f [3mresponse[0m[2m=[0m{"jsonrpc":"2.0","id":"005bff0c-1f78-4df5-b4ec-2ac31eb00100","result":{"ok":true,"instanceId":"ins_01a0e661-865a-7267-9e3e-47af3ce5afe0"}}
[2m2026-09-28T04:59:08.640129Z[0m [33m WARN[0m [2mremuda_hub::http[0m[2m:[0m node did not durably accept command; will not resend [3mcommand_id[0m[2m=[0mcmd_01a0e661-8ea1-7d79-b371-94c68f6700f3 [3mresponse[0m[2m=[0m{"jsonrpc":"2.0","id":"a434f799-a456-4f5e-9d11-806bcf359128","result":{"ok":true}}
[2m2026-09-28T04:59:12.508767Z[0m [33m WARN[0m [2mremuda_hub::http[0m[2m:[0m node did not durably accept command; will not resend [3mcommand_id[0m[2m=[0mcmd_01a0e661-9efa-7382-a15a-444ecd2caa51 [3mresponse[0m[2m=[0m{"jsonrpc":"2.0","id":"55fdaf37-91fa-4176-a1b2-addfa4d89622","result":{"ok":true}}
[2m2026-09-28T04:59:12.515226Z[0m [32m INFO[0m [2mremuda_hub::http[0m[2m:[0m instance deleted [3minstance_id[0m[2m=[0mins_01a0e661-865a-7267-9e3e-47af3ce5afe0 [3mdevice_id[0m[2m=[0mdev_01a0e661-9b63-738f-944b-36f0ee3e0f65 [3mforced[0m[2m=[0mtrue
[2m2026-09-28T04:59:15.448991Z[0m [33m WARN[0m [2mremuda_hub::http[0m[2m:[0m node did not durably accept command; will not resend [3mcommand_id[0m[2m=[0mcmd_01a0e661-aa04-7458-b162-5140a6fa87f6 [3mresponse[0m[2m=[0m{"jsonrpc":"2.0","id":"26be3b1b-0cbf-4c9c-8d21-b2fee7a039aa","result":{"ok":true,"instanceId":"ins_01a0e661-aa03-71d5-b57c-ef235b265738"}}
[2m2026-09-28T04:59:17.792142Z[0m [33m WARN[0m [2mremuda_hub::http[0m[2m:[0m node did not durably accept command; will not resend [3mcommand_id[0m[2m=[0mcmd_01a0e661-b24d-7f18-bff1-11dc4c57392a [3mresponse[0m[2m=[0m{"jsonrpc":"2.0","id":"854da52a-effc-4e8d-985f-91fad21afce2","result":{"ok":true}}
[2m2026-09-28T04:59:19.988920Z[0m [33m WARN[0m [2mremuda_hub::http[0m[2m:[0m node did not durably accept command; will not resend [3mcommand_id[0m[2m=[0mcmd_01a0e661-bc32-73c8-aa60-5c9a964fddcf [3mresponse[0m[2m=[0m{"jsonrpc":"2.0","id":"b75d851a-aa00-49c2-94e5-4dbe939ad476","result":{"ok":true}}
[2m2026-09-28T04:59:19.994716Z[0m [32m INFO[0m [2mremuda_hub::http[0m[2m:[0m instance deleted [3minstance_id[0m[2m=[0mins_01a0e661-aa03-71d5-b57c-ef235b265738 [3mdevice_id[0m[2m=[0mdev_01a0e661-b89c-7178-b1e0-a07f9c4d66ef [3mforced[0m[2m=[0mtrue
[2m2026-09-28T04:59:23.248716Z[0m [33m WARN[0m [2mremuda_hub::http[0m[2m:[0m node did not durably accept command; will not resend [3mcommand_id[0m[2m=[0mcmd_01a0e661-c885-7639-8d84-313ef8306f3d [3mresponse[0m[2m=[0m{"jsonrpc":"2.0","id":"3743295c-63f1-4dda-b181-223d97674c06","result":{"ok":true,"instanceId":"ins_01a0e661-c884-7793-8e6b-90ab37efdb35"}}
[2m2026-09-28T04:59:28.272244Z[0m [33m WARN[0m [2mremuda_hub::http[0m[2m:[0m node did not durably accept command; will not resend [3mcommand_id[0m[2m=[0mcmd_01a0e661-d588-7237-96a5-398f38e0c10f [3mresponse[0m[2m=[0m{"jsonrpc":"2.0","id":"1a4b1844-262c-4f73-a9b7-a1f0538e73e4","result":{"ok":true}}
[2m2026-09-28T04:59:49.777751Z[0m [33m WARN[0m [2mremuda_hub::http[0m[2m:[0m node did not durably accept command; will not resend [3mcommand_id[0m[2m=[0mcmd_01a0e662-308f-77d4-adbe-86b01d99a40a [3mresponse[0m[2m=[0m{"jsonrpc":"2.0","id":"c3912f13-7ffd-4ddc-8043-2b6ec00d5651","result":{"ok":true}}
[2m2026-09-28T04:59:49.784126Z[0m [32m INFO[0m [2mremuda_hub::http[0m[2m:[0m instance deleted [3minstance_id[0m[2m=[0mins_01a0e661-c884-7793-8e6b-90ab37efdb35 [3mdevice_id[0m[2m=[0mdev_01a0e662-2ce3-75dd-a7d7-fdb11c65cb24 [3mforced[0m[2m=[0mtrue
